keyboard cat
secret
s3Cur3
secret-key
your_secret
YourSecret
<YOUR SECRET>
YOUR SECRET
your secret
YOUR_SECRET
your secret goes here
your-secret-here
your secret key
yourSecretToken
mySecretKey
******
123456
123secret
14920599571542024725
1fbf305c05e02efb9e38d4698800b83c5d006d3284066fbad260a33a5de5a7f346678946b2601f243a69fb521588e3feed12cce4b032216ca31090dccbd92d44
1ntr4n3t
2307
31a26479ef779083fa3506f364dd01948b07b289dc41ddb8fd75b61680df5bbf
3275619f3a3a42ef84caee1604fc00ff
32d2MyVerySecretSecret
3527ef05cd14762ee91b01311e4037d4c2d1f8d8362df275bdfe2e11f459167f
39128390kojdsajdkh1iuudsa
42
4dd912e8c4d73f1a5c7969685ec23038
6d25724662402252593c7c254e406c6e3b3b6f4c7c284e637533424d25
a561d1bc7ea9b5e6e2b064a2ff3c20e1a6e1176a
aa68852f213c0b7ddeccd80821e212ac
abc
abc123
Ace
actividadescarpsecret
aewr15vwrvswjrdv9348gow384gviuhce
anincrediblesecretkey
another secret
Another secret
api_nodejs_secret
archie.cortez.secret
array-secret
Arsenalozil10
artur_secret
as92jf0wo1
asdjkfhasdf8sd7fnalsdfudsfsdfnusadf
a secret
a-secret-here
asfagsdgj2234w3wdsds
asfaqetrewyiufdnncmbvbnfjzzxcs123jdsk674845jhhd
asfsagrhrd
assignmentSecret
AuthenticationBasicSecret
avakas
big secret
bob
byteme
calvinandjeff
child-secret
chunky bacon
claveultrasecreta
codaween
congratsyoufoundmyplaintextkeythatididnttrytohide
cool-secret
creepypastasftw
d3charts
dake123
darksp1derwebs
DCC195
DCC195prod
DemoTokenSecret
developmentSessionSecret
dev secret
dirtylittlesecret
doppiaeast
dxt_session-secret_key
ec9c72199acef3d70a64ee81cac15bc3203848789837745e10420018084479d1201e6430730b3802d53b096d112573202ec896208b7df21b509bf02ba6bfe3b1
efdcmnx984598cn84r494485jf85tu89
efwyt34ytr23
eiihtii3048588u858dkhk
email_secret
ENTER_SECRET
ewfn09q7kjgdfiodgrvm*&$-+<>
fdnaskfkr4554t3tv543v
fsdfsdk89sd8f9sdfdsfsd9f8sd98f9ds8f9sd
galihteknobiarcepet
garim_secret
gdpu
happyhappyjoyjoy
hellotheretheanglefrommynightmare
helloworld
Hemmelig78
here-secret-value
heudfh437wefhbkrvshfb2u34ywcrgbdzhmc
hfakshjdgkfjhg43878thsdg
hioheaf769y93bn9f93r9ufh
hippo2021
hjdckdslioslnj
$h@k3Tr3nd
i_am_secret
I got a secret
@illuminati@
ilmiosegreto
ilovemyself
ilovenodejs
iloveplayingvideogames
ilovepuppies
ilovescotchyscotch
ilovesergioariza
ilovetolearnnewstuff
interviewSecret
It's a secret
ittwebfitnesssecret
joshua
kennethmichael
KEY
kjskljflsdfewknq3op244r43sa8ttttttsda
kkl-ui
kldsf34kdslfk23
kom
kunju123
leputaindesecretdefoumalade
lkieboi92uq9fa3h2a08h2zcx42901
mapinc.secret
master secret
master_secret
master-secret
masterSecret
mementokeylinkgenerator
mernsecure
_mockapi_2017!
mohammeddwina
mydailyapppassword
MY_LITTLE_SECRET
mynameisriten
my secret
my_secret
mysecret
mySecret
My secret
MY_SECRET
mysuperSecret
MySuperSecret
mySuperSecretKey
My_token_secret
nested-secret
newSecret
nodeauthsecret
notpublic
notTheAppSecret
oauthServerSampleSecret
oldnassau
orendarulesbabyhenrydroolsandkeeleylovesmayo
orlicito
passportSecretKey
password
pichub-secret
PLASE_YOUR_SECRET_HERE
Plumeme
prod secret
productionSessionSecret
pubsarecool
putSecretKeyHere
putsomethingtopsecrethere
qweqwe
QWERTYTRRQWE
r31hrh37108hrehfjdu80vcx087yr0e71qhjrue0fds0a
randomrabbitstring
RandomSecret
RandomSecretCode
reactmoviessecret!
ReminderSecretCode
renocompass2018supersecret
restapiforissuingtokens
rubikSecret
sausagesausagesausagesausagesausagesausagesausagesausagesausagesausagesausagesausage
sdgsdgscvxcvdf13215
Secret
SECRET
secret 1
Secret 1
secret 2
secretAdminUser
secret code
secretCodefromsecre
Secret cookie
SECRETESERSERSSEKRESTESTEST
secret ingredient
secretissecure
secret key
SecretKeyForSportivity
secretKeyGoesHere
secret string
secretTesting
SECRETTODOAPP
secret-token
secretToken
secret token phrase
SecretTokeny4589763489
secretVal
secretySecretIsVerySecret
sertdfgdfgwxhdfdghdfytfgbftdstgdruyd
server_secret
session secret goes here
shak
shhhhhhared-secret
Shhhhhhhhhhhh it's a secret
shhhhhhh - very secret
shhhh this is a secret
Shh... It's a secret
ShittySecret
simplenodeapp
sistemarichi
SkedgeLifeSecret
someApartmentsTrueSecret
some_secret
some secret key
some_secret_key
somethingtopsecret
Something very secret
sssh its a secret
STUB_SECRET
superdupersecretkey
superpupersecret
supersecret
superSecret
SUPERSECRET
super secret cookie
supersecretkey
super_secret_key
supersecretkey123
super_secret_secret
super-secret secret
super.secret.superest.secret
super_secret_token
super-secret-token
super_secret_token_secret
superseecritkey
super.super.secret.shhh
SuperTestSecret!
suprSecret
tequila
TestSecret
theveryveryverysecret
third secret
this is a big secret
this is asdfasdfasdf secret
This is a secret
This is a secret: 123431241234123412
This is a secret! aklfjsfsdf
This is a Secret : asdadgfvghrdcxshkmn
This is a secret! dhkjdsdadsdsashjkdsakhjdsahkjakdshj
This is a secret!!!:O
This is a secret shfjhsjghfsjghjfs
this is a secret string
thisiseaptesttestingsuperjwtapplicaton
thisIsMySecret
thisismysecretyoushallnotpass
thisisoursupersecretcode
This is secret
thisissessionSecret
thisisthereviewrestfulapi
this is the secret secret secret 12356
This secret doe
ThisSecretIsSuperSecret
todayhappyoceansnorkeling
TOKEN_SECRET
top-secret
topSecret
Top secret
topsecretshitnigga
TrippySecretWord
tvChatSecretGandalf
TYPE_YOUR_SECRET_KEY
ultramegahypersupersecretsessiontoken
very important secret
very_secret
w4ll
warbygangwarbygang
WDI17
WDI17BESTTEAM
whatdoesmarcelluswalacelookslike
whydontyoumakelikeatreeandgetouttahere
wowSomeSecret
xuanlv
xuwoan
xxx
YIUHSADH673248763284
